HI-TECH Software C Compiler 

Linker command line:

--edf=C:\Program Files\HI-TECH Software\dat\en_msgs.txt -cs -h+PR 18.sym -z \
  -Q16F876A -ol.obj -MPR 18.map -E1 -ACONST=00h-0FFhx32 -ACODE=00h-07FFhx4 \
  -ASTRCODE=00h-01FFFh -AENTRY=00h-0FFhx32 -ASTRING=00h-0FFhx32 \
  -ABANK0=020h-06Fh -ABANK1=0A0h-0EFh -ABANK2=0110h-016Fh \
  -ABANK3=0190h-01EFh -ARAM=020h-06Fh,0A0h-0EFh,0110h-016Fh,0190h-01EFh \
  -AABS1=020h-07Fh,0A0h-0EFh,0110h-016Fh,0190h-01EFh -ACOMMON=070h-07Fh \
  -ASFR0=00h-01Fh -ASFR1=080h-09Fh -ASFR2=0100h-010Fh -ASFR3=0180h-018Fh \
  -preset_vec=00h,intentry,init,end_init -ppowerup=CODE -pfunctab=CODE \
  -ACONFIG=02007h-02007h -pconfig=CONFIG -DCONFIG=2 -AIDLOC=02000h-02003h \
  -pidloc=IDLOC -DIDLOC=2 -AEEDATA=00h-0FFh/02100h -peeprom_data=EEDATA \
  -DEEDATA=2 -DCODE=2 -DSTRCODE=2 -DSTRING=2 -DCONST=2 -DENTRY=2 -k \
  startup.obj PR 18.obj 

Object code version is 3.10

Machine type is 16F876A



                Name                               Link     Load   Length Selector   Space Scale
startup.obj     end_init                              0        0        3        0       0
PR 18.obj       config                             2007     2007        1     400E       0
                text274                              A5       A5       30      14A       0
                text273                              4D       4D        C       9A       0
                text272                             178      178       7B      2F0       0
                text271                             10E      10E       6A      21C       0
                text270                             FDA      FDA       26     1FB4       0
                text269                              D5       D5       39      1AA       0
                text268                              59       59       26       B2       0
                text267                             FA9      FA9       14     1F52       0
                text266                             FBD      FBD       1D     1F7A       0
                text265                              7F       7F       26       FE       0
                text264                             55D      55D      2A3      ABA       0
                text263                             35F      35F      1FE      6BE       0
                maintext                            1F3      1F3      16C      3E6       0
                cstackBANK0                          20       20        A       20       1
                cstackCOMMON                         70       70        E       70       1
                bssBANK0                             2A       2A        1       20       1
                cinit                               FA4      FA4        5     1F48       0
                strings                               3        3       4A        6       0

TOTAL           Name                               Link     Load   Length     Space
        CLASS   CONST          

        CLASS   CODE           
                end_init                              0        0        3         0
                text274                              A5       A5       30         0
                text273                              4D       4D        C         0
                text272                             178      178       7B         0
                text271                             10E      10E       6A         0
                text270                             FDA      FDA       26         0
                text269                              D5       D5       39         0
                text268                              59       59       26         0
                text267                             FA9      FA9       14         0
                text266                             FBD      FBD       1D         0
                text265                              7F       7F       26         0
                text264                             55D      55D      2A3         0
                text263                             35F      35F      1FE         0
                maintext                            1F3      1F3      16C         0
                cinit                               FA4      FA4        5         0

        CLASS   STRCODE        

        CLASS   ENTRY          

        CLASS   STRING         
                strings                               3        3       4A         0

        CLASS   BANK0          
                cstackBANK0                          20       20        A         1
                bssBANK0                             2A       2A        1         1

        CLASS   BANK1          

        CLASS   BANK2          

        CLASS   BANK3          

        CLASS   RAM            

        CLASS   ABS1           
                abs_s1                               7E       7E        2         1

        CLASS   COMMON         
                cstackCOMMON                         70       70        E         1

        CLASS   SFR0           

        CLASS   SFR1           

        CLASS   SFR2           

        CLASS   SFR3           

        CLASS   CONFIG         
                config                             2007     2007        1         0

        CLASS   IDLOC          

        CLASS   EEDATA         



SEGMENTS        Name                           Load    Length   Top    Selector   Space  Class     Delta

                reset_vec                      000000  000003  000003         0       0  CODE        2
                strings                        000003  00004A  00004D         6       0  STRING      2
                cstackBANK0                    000020  00000B  00002B        20       1  BANK0       1
                cstackCOMMON                   000070  00000E  00007E        70       1  COMMON      1
                text273                        00004D  00000C  000059        9A       0  CODE        2
                text268                        000059  000026  00007F        B2       0  CODE        2
                text265                        00007F  000026  0000A5        FE       0  CODE        2
                text274                        0000A5  000030  0000D5       14A       0  CODE        2
                text269                        0000D5  000039  00010E       1AA       0  CODE        2
                text271                        00010E  00006A  000178       21C       0  CODE        2
                text272                        000178  00007B  0001F3       2F0       0  CODE        2
                maintext                       0001F3  00016C  00035F       3E6       0  CODE        2
                text263                        00035F  0001FE  00055D       6BE       0  CODE        2
                text264                        00055D  0002A3  000800       ABA       0  CODE        2
                cinit                          000FA4  000005  000FA9      1F48       0  CODE        2
                text267                        000FA9  000014  000FBD      1F52       0  CODE        2
                text266                        000FBD  00001D  000FDA      1F7A       0  CODE        2
                text270                        000FDA  000026  001000      1FB4       0  CODE        2
                config                         002007  000001  002008      400E       0  CONFIG      2


UNUSED ADDRESS RANGES

        Name                Unused          Largest block    Delta
        BANK0            002B-006F             45           1
        BANK1            00A0-00EF             50           1
        BANK2            0110-016F             60           1
        BANK3            0190-01EF             60           1
        CODE             0800-0FA3            7A4           2
                         1000-1FFF            800
        CONST            0800-0FA3            100           2
                         1000-1FFF            100
        EEDATA           2100-21FF            100           2
        ENTRY            0800-0FA3            100           2
                         1000-1FFF            100
        IDLOC            2000-2003              4           2
        RAM              002B-006F             45           1
                         00A0-00EF             50
                         0110-016F             60
                         0190-01EF             60
        SFR0             0000-001F             20           1
        SFR1             0080-009F             20           1
        SFR2             0100-010F             10           1
        SFR3             0180-018F             10           1
        STRCODE          0800-0FA3            7A4           2
                         1000-1FFF           1000
        STRING           0800-0FA3            100           2
                         1000-1FFF            100

                                  Symbol Table

??___awdiv            cstackCOMMON 007B
??___awmod            cstackCOMMON 0074
??_delay              cstackCOMMON 0074
??_lcd_clr            cstackCOMMON 0079
??_lcd_goto           cstackCOMMON 0079
??_main               cstackBANK0  0029
??_mode1              cstackCOMMON 007B
??_mode2              cstackCOMMON 007C
??_send_char          cstackCOMMON 0078
??_send_cmd           cstackCOMMON 0075
??_send_config        cstackCOMMON 0078
??_send_string        cstackCOMMON 0079
??_uart_send          cstackCOMMON 0070
?___awdiv             cstackCOMMON 0077
?___awmod             cstackCOMMON 0070
?_delay               cstackCOMMON 0070
?_lcd_clr             cstackCOMMON 0070
?_lcd_goto            cstackCOMMON 0070
?_main                cstackCOMMON 0070
?_mode1               cstackCOMMON 0070
?_mode2               cstackCOMMON 0070
?_send_char           cstackCOMMON 0070
?_send_cmd            cstackCOMMON 0071
?_send_config         cstackCOMMON 0070
?_send_string         cstackCOMMON 0070
?_uart_send           cstackCOMMON 0070
_ADCON1               (abs)        009F
_BRGH                 (abs)        04C2
_CCP1CON              (abs)        0017
_CCP2CON              (abs)        001D
_CCPR1L               (abs)        0015
_CCPR2L               (abs)        001B
_CREN                 (abs)        00C4
_PORTB                (abs)        0006
_PR2                  (abs)        0092
_RA0                  (abs)        0028
_RA1                  (abs)        0029
_RA2                  (abs)        002A
_RC3                  (abs)        003B
_RC4                  (abs)        003C
_RC5                  (abs)        003D
_SPBRG                (abs)        0099
_SPEN                 (abs)        00C7
_T2CON                (abs)        0012
_TRISA                (abs)        0085
_TRISB                (abs)        0086
_TRISC                (abs)        0087
_TXEN                 (abs)        04C5
_TXIF                 (abs)        0064
_TXREG                (abs)        0019
__Habs1               abs1         0000
__Hbank0              bank0        0000
__Hbank1              bank1        0000
__Hbank2              bank2        0000
__Hbank3              bank3        0000
__HbssBANK0           bssBANK0     0000
__Hcinit              cinit        0000
__Hclrtext            clrtext      0000
__Hcode               code         0000
__Hcommon             common       0000
__Hconfig             config       2008
__HcstackBANK0        cstackBANK0  0000
__HcstackCOMMON       cstackCOMMON 0000
__Heeprom_data        eeprom_data  0000
__Hend_init           end_init     0003
__Hfunctab            functab      0000
__Hidloc              idloc        0000
__Hinit               init         0000
__Hintentry           intentry     0000
__Hmaintext           maintext     0000
__Hpowerup            powerup      0000
__Hram                ram          0000
__Hreset_vec          reset_vec    0000
__Hsfr0               sfr0         0000
__Hsfr1               sfr1         0000
__Hsfr2               sfr2         0000
__Hsfr3               sfr3         0000
__Hstrings            strings      0000
__Htext               text         0000
__Labs1               abs1         0000
__Lbank0              bank0        0000
__Lbank1              bank1        0000
__Lbank2              bank2        0000
__Lbank3              bank3        0000
__LbssBANK0           bssBANK0     0000
__Lcinit              cinit        0000
__Lclrtext            clrtext      0000
__Lcode               code         0000
__Lcommon             common       0000
__Lconfig             config       2007
__LcstackBANK0        cstackBANK0  0000
__LcstackCOMMON       cstackCOMMON 0000
__Leeprom_data        eeprom_data  0000
__Lend_init           end_init     0000
__Lfunctab            functab      0000
__Lidloc              idloc        0000
__Linit               init         0000
__Lintentry           intentry     0000
__Lmaintext           maintext     0000
__Lpowerup            powerup      0000
__Lram                ram          0000
__Lreset_vec          reset_vec    0000
__Lsfr0               sfr0         0000
__Lsfr1               sfr1         0000
__Lsfr2               sfr2         0000
__Lsfr3               sfr3         0000
__Lstrings            strings      0000
__Ltext               text         0000
__S0                  (abs)        2008
__S1                  (abs)        007E
__S2                  (abs)        0000
___awdiv              text272      0178
___awdiv@counter      cstackBANK0  0020
___awdiv@dividend     cstackCOMMON 0079
___awdiv@divisor      cstackCOMMON 0077
___awdiv@quotient     cstackBANK0  0022
___awdiv@sign         cstackBANK0  0021
___awmod              text271      010E
___awmod@counter      cstackCOMMON 0075
___awmod@dividend     cstackCOMMON 0072
___awmod@divisor      cstackCOMMON 0070
___awmod@sign         cstackCOMMON 0076
__end_of___awdiv      text272      01F3
__end_of___awmod      text271      0178
__end_of_delay        text274      00D5
__end_of_lcd_clr      text267      0FBD
__end_of_lcd_goto     text266      0FDA
__end_of_main         maintext     035F
__end_of_mode1        text264      0800
__end_of_mode2        text263      055D
__end_of_send_char    text268      007F
__end_of_send_cmd     text269      010E
__end_of_send_config  text270      1000
__end_of_send_string  text265      00A5
__end_of_uart_send    text273      0059
__pbssBANK0           bssBANK0     002A
__pcstackBANK0        cstackBANK0  0020
__pcstackCOMMON       cstackCOMMON 0070
__pmaintext           maintext     01F3
__pstrings            strings      0003
__ptext262            text262      0000
__ptext263            text263      035F
__ptext264            text264      055D
__ptext265            text265      007F
__ptext266            text266      0FBD
__ptext267            text267      0FA9
__ptext268            text268      0059
__ptext269            text269      00D5
__ptext270            text270      0FDA
__ptext271            text271      010E
__ptext272            text272      0178
__ptext273            text273      004D
__ptext274            text274      00A5
__ptext275            text275      0000
__size_of___awdiv     (abs)        0000
__size_of___awmod     (abs)        0000
__size_of_delay       (abs)        0000
__size_of_lcd_clr     (abs)        0000
__size_of_lcd_goto    (abs)        0000
__size_of_main        (abs)        0000
__size_of_mode1       (abs)        0000
__size_of_mode2       (abs)        0000
__size_of_send_char   (abs)        0000
__size_of_send_cmd    (abs)        0000
__size_of_send_config (abs)        0000
__size_of_send_string (abs)        0000
__size_of_uart_send   (abs)        0000
_delay                text274      00A5
_exit                 init         0000
_lcd_clr              text267      0FA9
_lcd_goto             text266      0FBD
_main                 maintext     01F3
_mode                 bssBANK0     002A
_mode1                text264      055D
_mode2                text263      035F
_send_char            text268      0059
_send_cmd             text269      00D5
_send_config          text270      0FDA
_send_string          text265      007F
_uart_send            text273      004D
btemp                 (abs)        007E
delay@data            cstackCOMMON 0070
end_of_initialization cinit        0FA5
intlevel0             functab      0000
intlevel1             functab      0000
intlevel2             functab      0000
intlevel3             functab      0000
intlevel4             functab      0000
intlevel5             functab      0000
lcd_goto@data         cstackCOMMON 007A
mode2@channel         cstackBANK0  0028
mode2@value           cstackBANK0  0024
mode2@value_temp      cstackBANK0  0026
reset_vec             reset_vec    0000
send_char@data        cstackCOMMON 0078
send_cmd@data         cstackCOMMON 0071
send_cmd@higher_byte  cstackCOMMON 0079
send_cmd@lower_byte   cstackCOMMON 007A
send_cmd@num          cstackCOMMON 0078
send_cmd@ramp         cstackCOMMON 0073
send_config@data      cstackCOMMON 0078
send_string@s         cstackCOMMON 007A
start                 init         0000
start_initialization  cinit        0FA4
uart_send@data        cstackCOMMON 0070
wtemp0                (abs)        007E
