Microchip MPLAB XC8 Compiler V1.21 ()

Linker command line:

--edf=C:\Program Files\Microchip\xc8\v1.21\dat\en_msgs.txt -cs \
  -h+dist/default/production\pr18.X.production.sym \
  --cmf=dist/default/production\pr18.X.production.cmf -z -Q16F876A \
  -oC:\DOCUME~1\Sales\LOCALS~1\Temp\s29o.6 \
  -Mdist/default/production/pr18.X.production.map -E1 -ver=XC8 \
  -ACONST=00h-0FFhx32 -ACODE=00h-07FFhx4 -ASTRCODE=00h-01FFFh \
  -AENTRY=00h-0FFhx32 -ASTRING=00h-0FFhx32 -ACOMMON=070h-07Fh \
  -ABANK0=020h-06Fh -ABANK1=0A0h-0EFh -ABANK2=0110h-016Fh \
  -ABANK3=0190h-01EFh -ARAM=020h-06Fh,0A0h-0EFh,0110h-016Fh,0190h-01EFh \
  -AABS1=020h-07Fh,0A0h-0EFh,0110h-016Fh,0190h-01EFh -ASFR0=00h-01Fh \
  -ASFR1=080h-09Fh -ASFR2=0100h-010Fh -ASFR3=0180h-018Fh \
  -preset_vec=00h,intentry,init,end_init -ppowerup=CODE -pcinit=CODE \
  -pfunctab=CODE -ACONFIG=02007h-02007h -pconfig=CONFIG -DCONFIG=2 \
  -AIDLOC=02000h-02003h -pidloc=IDLOC -DIDLOC=2 -AEEDATA=00h-0FFh/02100h \
  -peeprom_data=EEDATA -DEEDATA=2 -DCODE=2 -DSTRCODE=2 -DSTRING=2 -DCONST=2 \
  -DENTRY=2 -k C:\DOCUME~1\Sales\LOCALS~1\Temp\s29o.obj \
  dist/default/production\pr18.X.production.obj 

Object code version is 3.11

Machine type is 16F876A



                Name                               Link     Load   Length Selector   Space Scale
C:\DOCUME~1\Sales\LOCALS~1\Temp\s29o.obj
                end_init                              0        0        3        0       0
                config                             2007     2007        1     400E       0
dist/default/production\pr18.X.production.obj
                cinit                               7FB      7FB        5      FF6       0
                text12                              117      117       23      22E       0
                text11                              13A      13A       24      274       0
                text10                               E2       E2       16      1C4       0
                text9                               15E      15E       24      2BC       0
                text8                                F8       F8       1F      1F0       0
                text7                                C8       C8        8      190       0
                text6                               182      182       2F      304       0
                text5                               571      571      28A      AE2       0
                text4                                D0       D0       12      1A0       0
                text3                               1FE      1FE       5D      3FC       0
                text2                               1B1      1B1       4D      362       0
                text1                               3AB      3AB      1C6      756       0
                maintext                            25B      25B      150      4B6       0
                cstackBANK0                          20       20        A       20       1
                cstackCOMMON                         70       70        E       70       1
                bssBANK0                             2A       2A        1       20       1
                strings                               3        3       4A        6       0

TOTAL           Name                               Link     Load   Length     Space
        CLASS   CONST          

        CLASS   CODE           
                end_init                              0        0        3         0
                cinit                               7FB      7FB        5         0
                text12                              117      117       23         0
                text11                              13A      13A       24         0
                text10                               E2       E2       16         0
                text9                               15E      15E       24         0
                text8                                F8       F8       1F         0
                text7                                C8       C8        8         0
                text6                               182      182       2F         0
                text5                               571      571      28A         0
                text4                                D0       D0       12         0
                text3                               1FE      1FE       5D         0
                text2                               1B1      1B1       4D         0
                text1                               3AB      3AB      1C6         0
                maintext                            25B      25B      150         0

        CLASS   STRCODE        

        CLASS   ENTRY          

        CLASS   STRING         
                strings                               3        3       4A         0

        CLASS   COMMON         
                cstackCOMMON                         70       70        E         1

        CLASS   BANK0          
                cstackBANK0                          20       20        A         1
                bssBANK0                             2A       2A        1         1

        CLASS   BANK1          

        CLASS   BANK2          

        CLASS   BANK3          

        CLASS   RAM            

        CLASS   ABS1           
                abs_s1                               7E       7E        2         1

        CLASS   SFR0           

        CLASS   SFR1           

        CLASS   SFR2           

        CLASS   SFR3           

        CLASS   CONFIG         
                config                             2007     2007        1         0

        CLASS   IDLOC          

        CLASS   EEDATA         



SEGMENTS        Name                           Load    Length   Top    Selector   Space  Class     Delta

                reset_vec                      000000  000003  000003         0       0  CODE        2
                strings                        000003  00004A  00004D         6       0  STRING      2
                cstackBANK0                    000020  00000B  00002B        20       1  BANK0       1
                cstackCOMMON                   000070  00000E  00007E        70       1  COMMON      1
                text7                          0000C8  000008  0000D0       190       0  CODE        2
                text4                          0000D0  000012  0000E2       1A0       0  CODE        2
                text10                         0000E2  000016  0000F8       1C4       0  CODE        2
                text8                          0000F8  00001F  000117       1F0       0  CODE        2
                text12                         000117  000023  00013A       22E       0  CODE        2
                text11                         00013A  000024  00015E       274       0  CODE        2
                text9                          00015E  000024  000182       2BC       0  CODE        2
                text6                          000182  00002F  0001B1       304       0  CODE        2
                text2                          0001B1  00004D  0001FE       362       0  CODE        2
                text3                          0001FE  00005D  00025B       3FC       0  CODE        2
                maintext                       00025B  000150  0003AB       4B6       0  CODE        2
                text1                          0003AB  0001C6  000571       756       0  CODE        2
                text5                          000571  00028A  0007FB       AE2       0  CODE        2
                cinit                          0007FB  000005  000800       FF6       0  CODE        2
                config                         002007  000001  002008      400E       0  CONFIG      2


UNUSED ADDRESS RANGES

        Name                Unused          Largest block    Delta
        BANK0            002B-006F             45           1
        BANK1            00A0-00EF             50           1
        BANK2            0110-016F             60           1
        BANK3            0190-01EF             60           1
        CODE             004D-00C7             7B           2
                         0800-1FFF            800
        CONST            004D-00C7             7B           2
                         0800-1FFF            100
        EEDATA           2100-21FF            100           2
        ENTRY            004D-00C7             7B           2
                         0800-1FFF            100
        IDLOC            2000-2003              4           2
        RAM              002B-006F             45           1
                         00A0-00EF             50
                         0110-016F             60
                         0190-01EF             60
        SFR0             0000-001F             20           1
        SFR1             0080-009F             20           1
        SFR2             0100-010F             10           1
        SFR3             0180-018F             10           1
        STRCODE          004D-00C7             7B           2
                         0800-1FFF           1800
        STRING           004D-00C7             7B           2
                         0800-1FFF            100

                                  Symbol Table

?___awdiv                cstackCOMMON 0077
?___awmod                cstackCOMMON 0070
?_delay                  cstackCOMMON 0070
?_send_cmd               cstackCOMMON 0071
_ADCON1                  (abs)        009F
_BRGH                    (abs)        04C2
_CCP1CON                 (abs)        0017
_CCP2CON                 (abs)        001D
_CCPR1L                  (abs)        0015
_CCPR2L                  (abs)        001B
_CREN                    (abs)        00C4
_PORTB                   (abs)        0006
_PR2                     (abs)        0092
_RA0                     (abs)        0028
_RA1                     (abs)        0029
_RA2                     (abs)        002A
_RC3                     (abs)        003B
_RC4                     (abs)        003C
_RC5                     (abs)        003D
_SPBRG                   (abs)        0099
_SPEN                    (abs)        00C7
_T2CON                   (abs)        0012
_TRISA                   (abs)        0085
_TRISB                   (abs)        0086
_TRISC                   (abs)        0087
_TXEN                    (abs)        04C5
_TXIF                    (abs)        0064
_TXREG                   (abs)        0019
__CFG_BOREN$OFF          (abs)        0000
__CFG_CP$OFF             (abs)        0000
__CFG_CPD$OFF            (abs)        0000
__CFG_DEBUG$OFF          (abs)        0000
__CFG_FOSC$HS            (abs)        0000
__CFG_LVP$OFF            (abs)        0000
__CFG_PWRTE$ON           (abs)        0000
__CFG_WDTE$OFF           (abs)        0000
__CFG_WRT$OFF            (abs)        0000
__Habs1                  abs1         0000
__Hbank0                 bank0        0000
__Hbank1                 bank1        0000
__Hbank2                 bank2        0000
__Hbank3                 bank3        0000
__HbssBANK0              bssBANK0     0000
__Hcinit                 cinit        0800
__Hclrtext               clrtext      0000
__Hcode                  code         0000
__Hcommon                common       0000
__Hconfig                config       2008
__HcstackBANK0           cstackBANK0  0000
__HcstackCOMMON          cstackCOMMON 0000
__Heeprom_data           eeprom_data  0000
__Hend_init              end_init     0003
__Hfunctab               functab      0000
__Hidloc                 idloc        0000
__Hinit                  init         0000
__Hintentry              intentry     0000
__Hmaintext              maintext     0000
__Hpowerup               powerup      0000
__Hram                   ram          0000
__Hreset_vec             reset_vec    0000
__Hsfr0                  sfr0         0000
__Hsfr1                  sfr1         0000
__Hsfr2                  sfr2         0000
__Hsfr3                  sfr3         0000
__Hstrings               strings      0000
__Htext                  text         0000
__Labs1                  abs1         0000
__Lbank0                 bank0        0000
__Lbank1                 bank1        0000
__Lbank2                 bank2        0000
__Lbank3                 bank3        0000
__LbssBANK0              bssBANK0     0000
__Lcinit                 cinit        07FB
__Lclrtext               clrtext      0000
__Lcode                  code         0000
__Lcommon                common       0000
__Lconfig                config       2007
__LcstackBANK0           cstackBANK0  0000
__LcstackCOMMON          cstackCOMMON 0000
__Leeprom_data           eeprom_data  0000
__Lend_init              end_init     0000
__Lfunctab               functab      0000
__Lidloc                 idloc        0000
__Linit                  init         0000
__Lintentry              intentry     0000
__Lmaintext              maintext     0000
__Lpowerup               powerup      0000
__Lram                   ram          0000
__Lreset_vec             reset_vec    0000
__Lsfr0                  sfr0         0000
__Lsfr1                  sfr1         0000
__Lsfr2                  sfr2         0000
__Lsfr3                  sfr3         0000
__Lstrings               strings      0000
__Ltext                  text         0000
__S0                     (abs)        2008
__S1                     (abs)        007E
__S3                     (abs)        0000
___awdiv                 text3        01FE
___awdiv@counter         cstackBANK0  0020
___awdiv@dividend        cstackCOMMON 0079
___awdiv@divisor         cstackCOMMON 0077
___awdiv@quotient        cstackBANK0  0022
___awdiv@sign            cstackBANK0  0021
___awmod                 text2        01B1
___awmod@counter         cstackCOMMON 0075
___awmod@dividend        cstackCOMMON 0072
___awmod@divisor         cstackCOMMON 0070
___awmod@sign            cstackCOMMON 0076
___latbits               (abs)        0002
__end_of___awdiv         text3        025B
__end_of___awmod         text2        01FE
__end_of__initialization cinit        07FC
__end_of__stringdata     strings      004D
__end_of__stringtab      strings      0009
__end_of_delay           text12       013A
__end_of_lcd_clr         text4        00E2
__end_of_lcd_goto        text10       00F8
__end_of_main            maintext     03AB
__end_of_mode1           text5        07FB
__end_of_mode2           text1        0571
__end_of_send_char       text9        0182
__end_of_send_cmd        text6        01B1
__end_of_send_config     text11       015E
__end_of_send_string     text8        0117
__end_of_uart_send       text7        00D0
__initialization         cinit        07FB
__pbssBANK0              bssBANK0     002A
__pcstackBANK0           cstackBANK0  0020
__pcstackCOMMON          cstackCOMMON 0070
__pmaintext              maintext     025B
__pstrings               strings      0003
__ptext1                 text1        03AB
__ptext10                text10       00E2
__ptext11                text11       013A
__ptext12                text12       0117
__ptext2                 text2        01B1
__ptext3                 text3        01FE
__ptext4                 text4        00D0
__ptext5                 text5        0571
__ptext6                 text6        0182
__ptext7                 text7        00C8
__ptext8                 text8        00F8
__ptext9                 text9        015E
__size_of___awdiv        (abs)        0000
__size_of___awmod        (abs)        0000
__size_of_delay          (abs)        0000
__size_of_lcd_clr        (abs)        0000
__size_of_lcd_goto       (abs)        0000
__size_of_main           (abs)        0000
__size_of_mode1          (abs)        0000
__size_of_mode2          (abs)        0000
__size_of_send_char      (abs)        0000
__size_of_send_cmd       (abs)        0000
__size_of_send_config    (abs)        0000
__size_of_send_string    (abs)        0000
__size_of_uart_send      (abs)        0000
__stringbase             strings      0008
__stringdata             strings      0009
__stringtab              strings      0003
_delay                   text12       0117
_lcd_clr                 text4        00D0
_lcd_goto                text10       00E2
_main                    maintext     025B
_mode                    bssBANK0     002A
_mode1                   text5        0571
_mode2                   text1        03AB
_send_char               text9        015E
_send_cmd                text6        0182
_send_config             text11       013A
_send_string             text8        00F8
_uart_send               text7        00C8
btemp                    (abs)        007E
delay@data               cstackCOMMON 0070
end_of_initialization    cinit        07FC
intlevel0                functab      0000
intlevel1                functab      0000
intlevel2                functab      0000
intlevel3                functab      0000
intlevel4                functab      0000
intlevel5                functab      0000
lcd_goto@data            cstackCOMMON 007A
mode2@channel            cstackBANK0  0028
mode2@value              cstackBANK0  0024
mode2@value_temp         cstackBANK0  0026
reset_vec                reset_vec    0000
send_char@data           cstackCOMMON 0078
send_cmd@data            cstackCOMMON 0071
send_cmd@higher_byte     cstackCOMMON 0079
send_cmd@lower_byte      cstackCOMMON 007A
send_cmd@num             cstackCOMMON 0078
send_cmd@ramp            cstackCOMMON 0073
send_config@data         cstackCOMMON 0078
send_string@s            cstackCOMMON 007A
start                    init         0000
start_initialization     cinit        07FB
uart_send@data           cstackCOMMON 0070
wtemp0                   (abs)        007E


FUNCTION INFORMATION:

 *************** function _main *****************
 Defined at:
		line 84 in file "../../Source File/PR18.c"
 Parameters:    Size  Location     Type
		None
 Auto vars:     Size  Location     Type
		None
 Return value:  Size  Location     Type
		None               void
 Registers used:
		wreg, fsr0l, fsr0h, status,2, status,0, btemp+1, pclath, cstack
 Tracked objects:
		On entry : 
		On exit  : 
		Unchanged: 
 Data sizes:     COMMON   BANK0   BANK1   BANK3   BANK2
      Params:         0       0       0       0       0
      Locals:         0       0       0       0       0
      Temps:          0       1       0       0       0
      Totals:         0       1       0       0       0
Total ram usage:        1 bytes
 Hardware stack levels required when called:    4
 This function calls:
		_send_config
		_lcd_clr
		_lcd_goto
		_send_string
		_send_cmd
		_delay
		_mode1
		_mode2
 This function is called by:
		Startup code after reset
 This function uses a non-reentrant model


 *************** function _mode2 *****************
 Defined at:
		line 264 in file "../../Source File/PR18.c"
 Parameters:    Size  Location     Type
		None
 Auto vars:     Size  Location     Type
  value_temp      2    6[BANK0 ] int 
  value           2    4[BANK0 ] int 
  channel         1    8[BANK0 ] unsigned char 
 Return value:  Size  Location     Type
		None               void
 Registers used:
		wreg, fsr0l, fsr0h, status,2, status,0, btemp+1, pclath, cstack
 Tracked objects:
		On entry : 
		On exit  : 
		Unchanged: 
 Data sizes:     COMMON   BANK0   BANK1   BANK3   BANK2
      Params:         0       0       0       0       0
      Locals:         0       5       0       0       0
      Temps:          2       0       0       0       0
      Totals:         2       5       0       0       0
Total ram usage:        7 bytes
 Hardware stack levels used:    1
 Hardware stack levels required when called:    3
 This function calls:
		_lcd_clr
		_lcd_goto
		_send_string
		_send_cmd
		_delay
		_send_char
		___awdiv
		___awmod
 This function is called by:
		_main
 This function uses a non-reentrant model


 *************** function ___awmod *****************
 Defined at:
		line 5 in file "C:\Program Files\Microchip\xc8\v1.21\sources\pic\awmod.c"
 Parameters:    Size  Location     Type
  divisor         2    0[COMMON] int 
  dividend        2    2[COMMON] int 
 Auto vars:     Size  Location     Type
  sign            1    6[COMMON] unsigned char 
  counter         1    5[COMMON] unsigned char 
 Return value:  Size  Location     Type
                  2    0[COMMON] int 
 Registers used:
		wreg, status,2, status,0
 Tracked objects:
		On entry : 
		On exit  : 
		Unchanged: 
 Data sizes:     COMMON   BANK0   BANK1   BANK3   BANK2
      Params:         4       0       0       0       0
      Locals:         2       0       0       0       0
      Temps:          1       0       0       0       0
      Totals:         7       0       0       0       0
Total ram usage:        7 bytes
 Hardware stack levels used:    1
 This function calls:
		Nothing
 This function is called by:
		_mode2
 This function uses a non-reentrant model


 *************** function ___awdiv *****************
 Defined at:
		line 5 in file "C:\Program Files\Microchip\xc8\v1.21\sources\pic\awdiv.c"
 Parameters:    Size  Location     Type
  divisor         2    7[COMMON] int 
  dividend        2    9[COMMON] int 
 Auto vars:     Size  Location     Type
  quotient        2    2[BANK0 ] int 
  sign            1    1[BANK0 ] unsigned char 
  counter         1    0[BANK0 ] unsigned char 
 Return value:  Size  Location     Type
                  2    7[COMMON] int 
 Registers used:
		wreg, status,2, status,0
 Tracked objects:
		On entry : 
		On exit  : 
		Unchanged: 
 Data sizes:     COMMON   BANK0   BANK1   BANK3   BANK2
      Params:         4       0       0       0       0
      Locals:         0       4       0       0       0
      Temps:          1       0       0       0       0
      Totals:         5       4       0       0       0
Total ram usage:        9 bytes
 Hardware stack levels used:    1
 This function calls:
		Nothing
 This function is called by:
		_mode2
 This function uses a non-reentrant model


 *************** function _lcd_clr *****************
 Defined at:
		line 400 in file "../../Source File/PR18.c"
 Parameters:    Size  Location     Type
		None
 Auto vars:     Size  Location     Type
		None
 Return value:  Size  Location     Type
		None               void
 Registers used:
		wreg, status,2, status,0, pclath, cstack
 Tracked objects:
		On entry : 
		On exit  : 
		Unchanged: 
 Data sizes:     COMMON   BANK0   BANK1   BANK3   BANK2
      Params:         0       0       0       0       0
      Locals:         0       0       0       0       0
      Temps:          0       0       0       0       0
      Totals:         0       0       0       0       0
Total ram usage:        0 bytes
 Hardware stack levels used:    1
 Hardware stack levels required when called:    2
 This function calls:
		_send_config
		_delay
 This function is called by:
		_main
		_mode2
 This function uses a non-reentrant model


 *************** function _mode1 *****************
 Defined at:
		line 193 in file "../../Source File/PR18.c"
 Parameters:    Size  Location     Type
		None
 Auto vars:     Size  Location     Type
		None
 Return value:  Size  Location     Type
		None               void
 Registers used:
		wreg, fsr0l, fsr0h, status,2, status,0, pclath, cstack
 Tracked objects:
		On entry : 
		On exit  : 
		Unchanged: 
 Data sizes:     COMMON   BANK0   BANK1   BANK3   BANK2
      Params:         0       0       0       0       0
      Locals:         0       0       0       0       0
      Temps:          0       0       0       0       0
      Totals:         0       0       0       0       0
Total ram usage:        0 bytes
 Hardware stack levels used:    1
 Hardware stack levels required when called:    3
 This function calls:
		_lcd_goto
		_send_string
		_send_cmd
		_delay
		_send_char
 This function is called by:
		_main
 This function uses a non-reentrant model


 *************** function _send_cmd *****************
 Defined at:
		line 417 in file "../../Source File/PR18.c"
 Parameters:    Size  Location     Type
  num             1    wreg     unsigned char 
  data            2    1[COMMON] unsigned int 
  ramp            2    3[COMMON] unsigned int 
 Auto vars:     Size  Location     Type
  num             1    8[COMMON] unsigned char 
  lower_byte      1   10[COMMON] unsigned char 
  higher_byte     1    9[COMMON] unsigned char 
 Return value:  Size  Location     Type
		None               void
 Registers used:
		wreg, status,2, status,0, pclath, cstack
 Tracked objects:
		On entry : 
		On exit  : 
		Unchanged: 
 Data sizes:     COMMON   BANK0   BANK1   BANK3   BANK2
      Params:         4       0       0       0       0
      Locals:         3       0       0       0       0
      Temps:          3       0       0       0       0
      Totals:        10       0       0       0       0
Total ram usage:       10 bytes
 Hardware stack levels used:    1
 Hardware stack levels required when called:    1
 This function calls:
		_uart_send
 This function is called by:
		_main
		_mode1
		_mode2
 This function uses a non-reentrant model


 *************** function _uart_send *****************
 Defined at:
		line 411 in file "../../Source File/PR18.c"
 Parameters:    Size  Location     Type
  data            1    wreg     unsigned char 
 Auto vars:     Size  Location     Type
  data            1    0[COMMON] unsigned char 
 Return value:  Size  Location     Type
		None               void
 Registers used:
		wreg
 Tracked objects:
		On entry : 
		On exit  : 
		Unchanged: 
 Data sizes:     COMMON   BANK0   BANK1   BANK3   BANK2
      Params:         0       0       0       0       0
      Locals:         1       0       0       0       0
      Temps:          0       0       0       0       0
      Totals:         1       0       0       0       0
Total ram usage:        1 bytes
 Hardware stack levels used:    1
 This function calls:
		Nothing
 This function is called by:
		_send_cmd
 This function uses a non-reentrant model


 *************** function _send_string *****************
 Defined at:
		line 406 in file "../../Source File/PR18.c"
 Parameters:    Size  Location     Type
  s               1    wreg     PTR const unsigned char 
		 -> STR_9(8), STR_8(3), STR_7(9), STR_6(3), 
		 -> STR_5(15), STR_4(15), STR_3(3), STR_2(5), 
		 -> STR_1(13), 
 Auto vars:     Size  Location     Type
  s               1   10[COMMON] PTR const unsigned char 
		 -> STR_9(8), STR_8(3), STR_7(9), STR_6(3), 
		 -> STR_5(15), STR_4(15), STR_3(3), STR_2(5), 
		 -> STR_1(13), 
 Return value:  Size  Location     Type
		None               void
 Registers used:
		wreg, fsr0l, fsr0h, status,2, status,0, pclath, cstack
 Tracked objects:
		On entry : 
		On exit  : 
		Unchanged: 
 Data sizes:     COMMON   BANK0   BANK1   BANK3   BANK2
      Params:         0       0       0       0       0
      Locals:         1       0       0       0       0
      Temps:          1       0       0       0       0
      Totals:         2       0       0       0       0
Total ram usage:        2 bytes
 Hardware stack levels used:    1
 Hardware stack levels required when called:    2
 This function calls:
		_send_char
 This function is called by:
		_main
		_mode1
		_mode2
 This function uses a non-reentrant model


 *************** function _send_char *****************
 Defined at:
		line 376 in file "../../Source File/PR18.c"
 Parameters:    Size  Location     Type
  data            1    wreg     unsigned char 
 Auto vars:     Size  Location     Type
  data            1    8[COMMON] unsigned char 
 Return value:  Size  Location     Type
		None               void
 Registers used:
		wreg, status,2, status,0, pclath, cstack
 Tracked objects:
		On entry : 
		On exit  : 
		Unchanged: 
 Data sizes:     COMMON   BANK0   BANK1   BANK3   BANK2
      Params:         0       0       0       0       0
      Locals:         1       0       0       0       0
      Temps:          0       0       0       0       0
      Totals:         1       0       0       0       0
Total ram usage:        1 bytes
 Hardware stack levels used:    1
 Hardware stack levels required when called:    1
 This function calls:
		_delay
 This function is called by:
		_mode1
		_mode2
		_send_string
 This function uses a non-reentrant model


 *************** function _lcd_goto *****************
 Defined at:
		line 387 in file "../../Source File/PR18.c"
 Parameters:    Size  Location     Type
  data            1    wreg     unsigned char 
 Auto vars:     Size  Location     Type
  data            1   10[COMMON] unsigned char 
 Return value:  Size  Location     Type
		None               void
 Registers used:
		wreg, status,2, status,0, pclath, cstack
 Tracked objects:
		On entry : 
		On exit  : 
		Unchanged: 
 Data sizes:     COMMON   BANK0   BANK1   BANK3   BANK2
      Params:         0       0       0       0       0
      Locals:         1       0       0       0       0
      Temps:          1       0       0       0       0
      Totals:         2       0       0       0       0
Total ram usage:        2 bytes
 Hardware stack levels used:    1
 Hardware stack levels required when called:    2
 This function calls:
		_send_config
 This function is called by:
		_main
		_mode1
		_mode2
 This function uses a non-reentrant model


 *************** function _send_config *****************
 Defined at:
		line 365 in file "../../Source File/PR18.c"
 Parameters:    Size  Location     Type
  data            1    wreg     unsigned char 
 Auto vars:     Size  Location     Type
  data            1    8[COMMON] unsigned char 
 Return value:  Size  Location     Type
		None               void
 Registers used:
		wreg, status,2, status,0, pclath, cstack
 Tracked objects:
		On entry : 
		On exit  : 
		Unchanged: 
 Data sizes:     COMMON   BANK0   BANK1   BANK3   BANK2
      Params:         0       0       0       0       0
      Locals:         1       0       0       0       0
      Temps:          0       0       0       0       0
      Totals:         1       0       0       0       0
Total ram usage:        1 bytes
 Hardware stack levels used:    1
 Hardware stack levels required when called:    1
 This function calls:
		_delay
 This function is called by:
		_main
		_lcd_goto
		_lcd_clr
 This function uses a non-reentrant model


 *************** function _delay *****************
 Defined at:
		line 360 in file "../../Source File/PR18.c"
 Parameters:    Size  Location     Type
  data            4    0[COMMON] unsigned long 
 Auto vars:     Size  Location     Type
		None
 Return value:  Size  Location     Type
		None               void
 Registers used:
		wreg
 Tracked objects:
		On entry : 
		On exit  : 
		Unchanged: 
 Data sizes:     COMMON   BANK0   BANK1   BANK3   BANK2
      Params:         4       0       0       0       0
      Locals:         0       0       0       0       0
      Temps:          4       0       0       0       0
      Totals:         8       0       0       0       0
Total ram usage:        8 bytes
 Hardware stack levels used:    1
 This function calls:
		Nothing
 This function is called by:
		_main
		_mode1
		_mode2
		_send_config
		_send_char
		_lcd_clr
 This function uses a non-reentrant model



MODULE INFORMATION

Module		Function		Class		Link	Load	Size
C:\Program Files\Microchip\xc8\v1.21\sources\pic\awmod.c
		___awmod       		CODE           	01B1	0000	77

C:\Program Files\Microchip\xc8\v1.21\sources\pic\awmod.c estimated size: 77

C:\Program Files\Microchip\xc8\v1.21\sources\pic\awdiv.c
		___awdiv       		CODE           	01FE	0000	93

C:\Program Files\Microchip\xc8\v1.21\sources\pic\awdiv.c estimated size: 93

shared
		__stringtab    		STRING         	0003	0000	6
		__stringdata   		STRING         	0009	0000	68
		__initializatio		CODE           	07FB	0000	1

shared estimated size: 75

../../Source File/PR18.c
		_mode1         		CODE           	0571	0000	650
		_delay         		CODE           	0117	0000	35
		_send_cmd      		CODE           	0182	0000	47
		_mode2         		CODE           	03AB	0000	454
		_main          		CODE           	025B	0000	336
		_lcd_clr       		CODE           	00D0	0000	18
		_lcd_goto      		CODE           	00E2	0000	22
		_send_string   		CODE           	00F8	0000	31
		_send_config   		CODE           	013A	0000	36
		_uart_send     		CODE           	00C8	0000	8
		_send_char     		CODE           	015E	0000	36

../../Source File/PR18.c estimated size: 1673

